[    0.000000] Initializing cgroup subsys cpuset
[    0.000000] Initializing cgroup subsys cpu
    0.000000] Initiazing cgroup subsys cpuacct
[    0.000000] Linux version 4.4.0-170-geeric (buildd@lcy01-amd64-019) (gcc version 5.4.0 20160609 (Ubuntu 5.4.0-6ubuntu1~16.04.12) ) #199-Ubuntu SMP Thu Nov 14 01:45:04 UTC 2019 (Ubuntu 4.4.0-170.199-generic 4.4.200)
[    0.000000] Command line: BOOT_IMAGE=/boot/vmlinuz-4.4.0-170-generic rooLAL=looudimg-rootfs ro console=tty1 console=ttyS0
[    0.000000] KERNEL supported cpus:
[    0.000000]   Intel GenuineIntel
[    0.000000]   AMD AuthenticAMD[    0.000000]  Centaur CentaurHauls
[    0.000000] x86/fpu:xstate_offset[2]:  576, xstate_sizes[2]:  2556
[    0.000000] x86/fpu: Supporting XSAVE feature 0x01'x87 floating poit egisters'
[    0.000000] x86/fpu: Supporting XSAVE feature 0x02: 'SSE registers'
[    0.000000] x86/fpu: Supporting XSAVE feature 0x04: 'AVX registers'
[    0.000000] x86/fpu: Enabled xstate features 0x7, context size is 832 bytes, using 'standard' format.
[    0.000000] e820: BIOS-provided physical RAM map:
[    0.000000] BIOS-e820: [me0x000000000000000-0x000000000009fbff] usable
[    0.000000] BIOS-e820: [mem 0x000000000009fc00-0x000000000009ffff] reserved
[    0.000000] BIOS-e820: [mem 0x00000000000f0000-0x00000000000fffff] reserved
[    0.000000] BIOS-e820: [mem 0x000000000100000-0x000000003ffeffff] usable
[    0.000000] BIOS-e820: [mem 0x000000003fff0000-0x000000003fffffff] ACPI data
[    0.000000] BIOS-e820: [mem 0x00000000fec00000-0x00000000fec00fff] reserved
[    0.000000] BIOS-e820: [mem 0x00000000fee00000-0x00000000fee00fff] reserved
[    0.000000] BIOS-e820: [mem 0x00000000fffc0000-0x00000000ffffffff] reserved
[    0.000000] NX (Execute Disable) potction: activ
[   .0000] SMBIOS 2.5 resent.
[    0.000000] Hypervisor detected: KVM
[    00000] e820: last_pfn = 0x3fff0 max_arch_pfn = 0x400000000
[    0.000000] MTRR: Disabled
[    0.000000] x86/PAT: MTRRs disabled, skipping PAT initialization too.
[    0.000000] CPU MTRRs all blank - virtualized system.
[    0.000000] x86/PAT: Configuration [0-7]: WB  WT  UC- UC  WB  WT  UC- UC  
[    0.000000] found SMP MP-table at [mem 0x0009fff0-0x0009ff] mapped at [ffff88000009fff0]
[    0.000000] Scanning 1 areas for low memory corruption
[    0.000000] RAMDISK: [mem 0x362f4000-0x71ff]
[    0.000000] ACPI: Early table checksum verification disabled
[    0.000000] ACPI: RSDP 0x00000000000E0000 000024 (v02 VBOX  )
[    0.000] ACPI: XSDT 0x000000003FFF0030 00003C (v01 VBOX   VBOXXSDT 00000001 ASL  00000061)
[    0.000000] ACPI: FACP 0x000000003FFF00F0 0000F4 (v04 VBOX   VBOXFACP 00000001 ASL  00000061)
[    0.000000] ACPI: DSDT 0x000000003FFF0470 0021FF (v02 VBOX   VBOXBIOS 00000002 INTL 20180105)
[    0.000000] ACPI: FACS 0x000000003FFF0200 000040
[    0.000000] ACPI: FACS 0x000000003FFF0200 000040
[    0.000000] ACPI: APIC 0x000000003FFF0240 00005C (v02 VBOX   VBOXAPIC 00000001 ASL  00000061)
[    0.000000] ACPI: SSDT 0x000000003FFF02A0 0001CC (v01 VBOX   VBOXCPUT 00000002 INTL 20180105)
[    0.000000] No NUMA configuration found
[    0.000000] Faking a node at [mem 0x0000000000000000-0x000000003ffeffff]
[    0.000000] NODE_DATA(0) allocated [mem 0x3ffeb000-0x3ffeffff]
[    0.000000] kvm-clock: Using msrs 4b564d01 and 4b564d00
[    0.000000] kvm-clock: cpu 0, msr 0:3ffe3001, primary cpu clock
[    0.000000] kvm-clock: using sched offset of 3408126681 cycles
[    0.000000] clocksource: kvm-clock: mask: 0xffffffffffffffff max_cycles: 0x1cd42e4dffb, max_idle_ns: 881590591483 ns
[    0.000000] Zone ranges:
[    0.000000]   DMA      [mem 0x0000000000001000-0x0000000000ffffff]
[    0.000000]   DMA32    [mem 0x0000000001000000-0x000000003ffeffff]
[    0.000000]   Normal   empty
[    0.000000]   Device   empty
[    0.000000] Movable zone start for each node
[    0.000000] Early memory node ranges
[    0.000000]   node   0: [mem 0x0000000000001000-0x000000000009efff]
[    0.000000]   node   0: [mem 0x0000000000100000-0x000000003ffeffff]
[  0.000000] Initmem setup node 0 [mem 0x0000000000001000-0x000000003ffefff
[    0.000000] ACPI: PM-Timer IO Port: 0x4008
[    0.000000] IOAPIC[0]: apic_id 2, version 32, address 0xfec00000, GSI 0-23
[    0.000000] ACPI: INT_SRC_OVR (bus 0 bus_irq 0 global_irq 2 dfl dfl)
[    0.000000] ACPI: INT_SRC_OVR (bus 0 bus_irq 9 global_irq 9 low level)
[    0.000000] Using ACPI (MADT) for SMP configuration information
[    0.000000] smpboot: Allowing 2 CPUs, 0 hotplug CPUs
[    0.000000] PM: Registered nosave memory: [mem 0x00000000-0x00000fff]
[    0.000000] PM: Registered nosave memory: [mem 0x0009f000-0x0009ffff]
[    0.000000] PM: Registered nosave memory: [me0x0a0000-0x000effff]
[    0.000000] PM: Registered nosave memory: [mem 0x000f0000-0x000fffff]
[    0.000000] e820: [mem 0x40000000-0xfebfffff] availabl for PCI devices
[    0.000000] Booting paravirtualized kernel on KVM
[    0.000000] clocksource: refined-jiffies: mask: 0xffffffff max_cycles: 0xffffffff, max_idle_ns: 7645519600211568 ns
[    0.000000] setup_percpu: NR_CPUS:512 nr_cpumask_bits:512 nr_c_ids:2 nr_node_ids:1
[    0.000000] PERCPU: Embedded 33 pages/cpu @ffff88003fc00000 s95448 r8192 d31528 u1048576
[    0.000000] Built 1 zonelists in Node order, mobility grouping on.  Total pages: 257912
[    0.000000] Policy zone: DMA32
[    0.000000] Kernel command line: BOOT_IMAGE=/boot/vmlinuz-4.4.0-170-generic root=LABEL=cloudimg-rootfs ro console=tty1 console=ttyS0
[    0.000000] PID hash table entries: 4096 (order: 3, 32768 bytes)
[    0.000000] Memory: 997716K/10120K available (8626K kernel code, 1336K rwdata, 4036K rodata, 1488K init, 1288K bss, 50404K reserved, 0K cma-reserved)
[    0.000000] SLUB: HWalign=64, Order=0-3, MinObjects=0, CPUs=2, Nodes=1
[    0.000000] Kernel/User page tables isolation: enabled
[    0.000000] Hierarchical RCU implementation.
[    0.000000] 	Build-time adjustment of leaf fanout to 64.
[    0.000000] 	RCU restricting CPUs from NR_CPUS=512 to nr_cpu_ids=2.
[    0.000000] RCU: Adjusting geometry for rcu_fanout_leaf=64, nr_cpu_ids=2
[    0.000000] NR_IRQS:33024 nr_irqs:440 16
[    0.000000] Console: colour VGA+ 80x25
[    0.000000] console [tty1] enabled
[    0.000000] console [ttyS0] enabled
[    0.000000] tsc: Detected 3527.660 MHz processor
[    0.887873] Calibrating delay loop (skipped) pret value.. 7055.32 BogoMIPS (lpj=14110640)
[    0.917549] pid_max: default: 32768 minimum: 301
[    0.919643] ACPI: Core revision 20150930
[    0.921819] ACPI: 2 ACPI AML tables successfully acquired and loaded
[    0.923729] Security Framework initialized
[    0.929667] Yama: becoming mindful.
[    0.935674] AppArmor: AppArmor initialized
[    0.938977] Dentry cache hash table entries: 131072 (order: 8, 1048576 bytes)
[    0.940720] Inode-cache hash table entries: 65536 (order: 7, 524288 bytes)
[    0.942007] Mount-cache hash table entries: 2048 (order: 2, 16384 bytes)
[    0.943023] Mountpoint-cache hash table entries: 2048 (order: 2, 16384 bytes)
[    0.947195] Initializing cgroup subsys io
[    0.947879] Initializing cgroup subsys memory
[    0.961493] Initializing cgroup subsys devices
[    0.962280] Initializing cgroup subsys freezer
[    0.962971] Initializing cgroup subsys net_cls
[    0.968919] Initializing cgroup subsys perf_event
[    0.969654] Initializing cgroup subsys net_prio
[    0.974268] Initializing cgroup subsys hugetlb
[    0.975000] Initializing cgroup subsys pids
[    0.976502] mce: CPU supports 0 MCE banks
[    0.977189] Last level iTLB entries: 4KB 1024, 2MB 1024, 4MB 1024
[    0.978478] Last level dTLB entries: 4KB 1024, 2MB 1024, 4MB 1024, 1GB 4
[    0.982438] Spectre V1 : Mitigation: usercopy/swapgs barriers and __user pointer sanitization
[    0.984303] Spectre V2 : Mitigation: Full generic retpoline
[    0.985465] Spectre V2 : Spectre v2 / SpectreRSB mitigation: Filling RSB on context switch
[    0.987303] Speculative Store Bypass: Vulnerable
[    0.988419] MDS: Mitigation: Clear CPU buffers
[    0.992589] Freeing SMP alternatives memory: 36K
[    1.013609] ftrace: allocating 32302 entries in 127 pages
[    1.071972] smpboot: APIC(0) Converting physical 0 to logical package 0
[    1.078571] smpboot: Max logical packages: 1
[    1.079825] x2apic enabled
[    1.080820] Switched APIC routing to physical x2apic.
[    1.083128] ..TIMER: vector=0x30 apic1=0 pin1=2 apic2=-1 pin2=-1
[    1.192256] smpboot: CPU0: Intel(R) Core(TM) i3-4150 CPU @ 3.50GHz (family: 0x6, model: 0x3c, stepping: 0x3)
[    1.199235] Performance Events: unsupported p6 CPU model 60 no PMU driver, software events only.
[    1.210153] KVM setup paravirtual spinlock
[    1.217197] x86: Booting SMP configuration:
[    1.218065] .... node  #0, CPUs:      #1
[    1.224112] kvm-clock: cpu 1, msr 0:3ffe3041, secondary cpu clock
[    1.225816] mce: CPU supports 0 MCE banks
[    1.236697] x86: Booted up 1 node, 2 CPUs
[    1.246771] smpboot: Total of 2 processors activated (14110.64 BogoMIPS)
[    1.248358] devtmpfs: initialized
[    1.250147] evm: security.selinux
[    1.250829] evm: security.SMACK64
[    1.251516] evm: security.SMACK64EXEC
[    1.253332] evm: security.SMACK64TRANSMUTE
[    1.253981] evm: security.SMACK64MMAP
[    1.254590] evm: security.ima
[    1.255105] evm: security.capability
[    1.255933] clocksource: jiffies: mask: 0xffffffff max_cycles: 0xffffffff, max_idle_ns: 7645041785100000 ns
[    1.263022] futex hash table entries: 512 (order: 3, 32768 bytes)
[    1.264463] pinctrl core: initialized pinctrl subsystem
[    1.265719] RTC time:  9:30:33, date: 12/12/19
[    1.266887] NET: Registered protocol family 16
[    1.276377] cpuidle: using governor ladder
[    1.292308] cpuidle: using governor menu
[    1.298802] PCCT header not found.
[    1.299968] ACPI: bus type PCI registered
[    1.302682] acpiphp: ACPI Hot Plug PCI Controller Driver version: 0.5
[    1.304229] PCI: Using configuration type 1 for base access
[    1.316486] ACPI: Added _OSI(Module Device)
[    1.325898] ACPI: Added _OSI(Processor Device)
[    1.327245] ACPI: Added _OSI(3.0 _SCP Extensions)
[    1.329693] ACPI: Added _OSI(Processor Aggregator Device)
[    1.331326] ACPI: Executed 1 blocks of module-level executable AML code
[    1.334233] ACPI: Interpreter enabled
[    1.334978] ACPI: (supports S0 S5)
[    1.336771] ACPI: Using IOAPIC for interrupt routing
[    1.337817] PCI: Using host bridge windows from ACPI; if necessary, use "pci=nocrs" and report a bug
[    1.342186] ACPI: PCI Root Bridge [PCI0] (domain 0000 [bus 00-ff])
[    1.343315] acpi PNP0A03:00: _OSC: OS supports [ASPM ClockPM Segments MSI]
[    1.345589] acpi PNP0A03:00: _OSC: not requesting OS control; OS requires [ExtendedConfig ASPM ClockPM MSI]
[    1.347359] acpi PNP0A03:00: fail to add MMCONFIG information, can't access extended PCI configuration space under this bridge.
[    1.354884] PCI host bridge to bus 0000:00
[    1.355717] pci_bus 0000:00: root bus resource [io  0x0000-0x0cf7 window]
[    1.356915] pci_bus 0000:00: root bus resource [io  0x0d00-0xffff window]
[    1.358074] pci_bus 0000:00: root bus resource [mem 0x000a0000-0x000bffff window]
[    1.359516] pci_bus 0000:00: root bus resource [mem 0x40000000-0xfdffffff window]
[    1.360951] pci_bus 0000:00: root bus resource [bus 00-ff]
[    1.363226] pci 0000:00:01.1: legacy IDE quirk: reg 0x10: [io  0x01f0-0x01f7]
[    1.364476] pci 0000:00:01.1: legacy IDE quirk: reg 0x14: [io  0x03f6]
[    1.365607] pci 0000:00:01.1: legacy IDE quirk: reg 0x18: [io  0x0170-0x0177]
[    1.366812] pci 0000:00:01.1: legacy IDE quirk: reg 0x1c: [io  0x0376]
[    1.390937] pci 0000:00:07.0: quirk: [io  0x4000-0x403f] claimed by PIIX4 ACPI
[    1.413601] pci 0000:00:07.0: quirk: [io  0x4100-0x410f] claimed by PIIX4 SMB
[    1.435661] ACPI: PCI Interrupt Link [LNKA] (IRQs 5 9 10 *11)
[    1.443852] ACPI: PCI Interrupt Link [LNKB] (IRQs 5 9 *10 11)
[    1.446949] ACPI: PCI Interrupt Link [LNKC] (IRQs 5 *9 10 11)
[    1.448700] ACPI: PCI Interrupt Link [LNKD] (IRQs 5 9 10 *11)
[    1.458612] ACPI: Enabled 2 GPEs in block 00 to 07
[    1.460090] vgaarb: setting as boot device: PCI:0000:00:02.0
[    1.461247] vgaarb: device added: PCI:0000:00:02.0,decodes=io+mem,owns=io+mem,locks=none
[    1.463067] vgaarb: loaded
[    1.463793] vgaarb: bridge control possible 0000:00:02.0
[    1.465241] SCSI subsystem initialized
[    1.466273] ACPI: bus type USB registered
[    1.487461] usbcore: registered new interface driver usbfs
[    1.488545] usbcore: registered new interface driver hub
[    1.489748] usbcore: registered new device driver usb
[    1.492628] PCI: Using ACPI for IRQ routing
[    1.493877] NetLabel: Initializing
[    1.494708] NetLabel:  domain hash size = 128
[    1.495687] NetLabel:  protocols = UNLABELED CIPSOv4
[    1.515102] NetLabel:  unlabeled traffic allowed by default
[    1.516339] amd_nb: Cannot enumerate AMD northbridges
[    1.520436] clocksource: Switched to clocksource kvm-clock
[    1.527369] AppArmor: AppArmor Filesystem Enabled
[    1.528398] pnp: PnP ACPI init
[    1.529716] pnp: PnP ACPI: found 3 devices
[   1.538711] clocksource: acpi_pm: mask: 0xffffff max_cycles: 0xffffff, max_idle_ns: 2085701024 ns
[    1.567374] NET: Registered protocol family 2
[    1.568458] TCP established hash table entries: 8192 (order: 4, 65536 bytes)
[    1.569756] TCP bind hash table entries: 8192 (rder: 5, 131072 bytes)
[   1.592378] TCP: Ha tleconfigured (established 8192 bind 8192)
[    736623] UDP hash table entries: 512 (order: 2, 16384 bytes)
[    1.777988] UDP-Lite hash table entries: 512 (order: 2, 16384 bytes)
[    1.779212] NET: Registered protocol family 1
[    1.780051] pci 0000:00:00.0: Limiting direct PCI/PCI transfers
[    1.781149] pci 000000010:ctating ISA DMA hng workarounds
[    1.948821] Unpacking initramfs...

[    2.132045] Freeing initrd memory: 14840K
[    2.134705] RAPL PMU detected, API unit is 2^-32 ooules, 4 fixed counters 10737418240 ms ovfl timer
[    2.157656] hw unit of domain pp0-core 2^-0 Joules
[    2.158458] hw unit of domain package 2^-0 Joules
[    2.159379] hw unit of domain dram 2^-0 Joules
[    2.160110] hw unit of domain pp1-gpu 2^-0 Joules
[    2.160877] clocksource: tsc: mask: 0xffffffffffffffff max_cycles: 0x32d9627b46b, max_idle_ns: 440795305327 ns
[    2.162392] platform rtc_cmos: registered platform RTC device (no PNP device found)
[    2.167111] Scanning for low memory corruption every 60 seconds
[    2.171621] audit: initializing netlink subsys (disabled)
[    2.172448] audit: type=2000 audit(1576143038.038:1): initialized
[    2.173830] Initialise system trusted keyring
[    2.187400] HugeTLB registered 2 MB page size, pre-allocated 0 pages
[    2.189707] zbud: loaded
[    2.216962] VFS: Disk quotas dquot_6.6.0
[    2.217772] VFS: Dquot-cache hash table entries: 512 (order 0, 4096 bytes)
[    2.237137] squashfs: version 4.0 (2009/01/31) Phillip Lougher
[    2.238306] fuse init (API version 7.23)
[    2.239077] Key type big_key registered
[    2.239732] Allocating IMA MOK and blacklist keyrings.
[    2.242023] Key type asymmetric registered
[    2.246517] Asymmetric key parser 'x509' registered
[    2.247653] Block layer SCSI generic (bsg) driver version 0.4 loaded (major 249)
[    2.249432] io scheduler noop registered
[    2.250375] io scheduler deadline registered (default)
[    2.257431] io scheduler cfq registered
[    2.258496] pci_hotplug: PCI Hot Plug PCI Core version: 0.5
[    2.261190] pciehp: PCI Express Hot Plug Controller Driver version: 0.4
[    2.262715] ACPI: AC Adapter [AC] (on-line)
[    2.263739] input: Power Button as /devices/LNXSYSTM:00/LNXPWRBN:00/input/input0
[    2.265433] ACPI: Power Button [PWRF]
[    2.266413] input: Sleep Button as /devices/LNXSYSTM:00/LNXSLPBN:00/input/input1
[    2.268114] ACPI: Sleep Button [SLPF]
[    2.269252] GHES: HEST is not enabled!
[    2.270304] Serial: 8250/16550 driver, 32 ports, IRQ sharing enabled
[    2.293577] 00:02: ttyS0 at I/O 0x3f8 (irq = 4, base_baud = 115200) is a 16550A
[    2.318954] Linux agpgart interface v0.103
[    2.333804] loop: module loaded
[    2.335112] scsi host0: ata_piix
[    2.336033] scsi host1: ata_piix
[    2.337830] ata1: PATA max UDMA/33 cmd 0x1f0 ctl 0x3f6 bmdma 0xd000 irq 14
[    2.349339] ata2: PATA max UDMA/33 cmd 0x170 ctl 0x376 bmdma 0xd008 irq 15
[    2.350525] libphy: Fixed MDIO Bus: probed
[    2.356472] tun: Universal TUN/TAP device driver, 1.6
[    2.358391] tun: (C) 1999-2004 Max Krasnyansky <maxk@qualcomm.com>
[    2.359423] PPP generic driver version 2.4.2
[    2.360245] ehci_hcd: USB 2.0 'Enhanced' Host Controller (EHCI) Driver
[    2.361366] ehci-pci: EHCI PCI platform driver
[    2.362096] ehci-platform: EHCI generic platform driver
[    2.368169] ohci_hcd: USB 1.1 'Open' Host Controller (OHCI) Driver
[    2.369126] ohci-pci: OHCI PCI platform driver
[    2.369836] ohci-platform: OHCI generic platform driver
[    2.375919] uhci_hcd: USB Universal Host Controller Interface driver
[    2.376961] i8042: PNP: PS/2 Controller [PNP0303:PS2K,PNP0f03:PS2M] at 0x60,0x64 irq 1,12
[    2.378621] serio: i8042 KBD port at 0x60,0x64 irq 1
[    2.379394] serio: i8042 AUX port at 0x60,0x64 irq 12
[    2.380413] mousedev: PS/2 mouse device common for all mice
[    2.385533] input: AT Translated Set 2 keyboard as /devices/platform/i8042/serio0/input/input2
[    2.390751] rtc_cmos rtc_cmos: rtc core: registered rtc_cmos as rtc0
[    2.393163] rtc_cmos rtc_cmos: alarms up to one day, 114 bytes nvram
[    2.394486] i2c /dev entries driver
[    2.395567] device-mapper: uevent: version 1.0.3
[    2.396776] device-mapper: ioctl: 4.34.0-ioctl (2015-10-28) initialised: dm-devel@redhat.com
[    2.403892] ledtrig-cpu: registered to indicate activity on CPUs
[    2.409196] NET: Registered protocol family 10
[    2.415784] NET: Registered protocol family 17
[    2.417036] Key type dns_resolver registered
[    2.418753] registered taskstats version 1
[    2.425144] Loading compiled-in X.509 certificates
[    2.432322] Loaded X.509 cert 'Build time autogenerated kernel key: f0e56e97f406068ace47a9bf54316e9855aaaa43'
[    2.443507] zswap: loaded using pool lzo/zbud
[    2.452114] Key type trusted registered
[    2.461081] Key type encrypted registered
[    2.461799] AppArmor: AppArmor sha1 policy hashing enabled
[    2.462640] ima: No TPM chip found, activating TPM-bypass!
[    2.463521] ima: Allocated hash algorithm: sha1
[    2.464334] evm: HMAC attrs: 0x1
[    2.470886]   Magic number: 15:369:525
[    2.471926] rtc_cmos rtc_cmos: setting system clock to 2019-12-12 09:30:34 UTC (1576143034)
[    2.473963] BIOS EDD facility v0.16 2004-Jun-25, 0 devices found
[    2.475182] EDD information not available.
[    2.513303] Freeing unused kernel memory: 1488K
[    2.517503] Write protecting the kernel read-only data: 14336k
[    2.519602] Freeing unused kernel memory: 1604K
[    2.529447] Freeing unused kernel memory: 60K
Loading, please wait...
starting version[    2.542189] random: systemd-udevd: uninitialized urandom read (16 bytes read, 2 bits of entropy available)
 229
[    2.543115] random: udevadm: uninitialized urandom read (16 bytes read, 2 bits of entropy available)
[    2.543142] random: udevadm: uninitialized urandom read (16 bytes read, 2 bits of entropy available)
[    2.552695] random: udevadm: uninitialized urandom read (16 bytes read, 2 bits of entropy available)
[    2.552750] random: udevadm: uninitialized urandom read (16 bytes read, 2 bits of entropy available)
[    2.552938] random: udevadm: uninitialized urandom read (16 bytes read, 2 bits of entropy available)
[    2.552987] random: udevadm: uninitialized urandom read (16 bytes read, 2 bits of entropy available)
[    2.553043] random: udevadm: uninitialized urandom read (16 bytes read, 2 bits of entropy available)
[    2.553084] random: udevadm: uninitialized urandom read (16 bytes read, 2 bits of entropy available)
[    2.553130] random: udevadm: uninitialized urandom read (16 bytes read, 2 bits of entropy available)
[    2.604667] Fusion MPT base driver 3.04.20
[    2.605676] Copyright (c) 1999-2008 LSI Corporation
[    2.650380] Fusion MPT SPI Host driver 3.04.20
[    2.668717] e1000: Intel(R) PRO/1000 Network Driver - version 7.3.21-k8-NAPI
[    2.668722] mptbase: ioc0: Initiating bringup
[    2.702493] e1000: Copyright (c) 1999-2006 Intel Corporation.
[    2.724358] AVX2 version of gcm_enc/dec engaged.
[    2.736931] AES CTR mode by8 optimization enabled
[    2.860525] ioc0: LSI53C1030 A0: Capabilities={Initiator}
[    2.878012] input: ImExPS/2 Generic Explorer Mouse as /devices/platform/i8042/serio1/input/input4
[    3.712506] scsi host2: ioc0: LSI53C1030 A0, FwRev=00000000h, Ports=1, MaxQ=256, IRQ=20
[    4.177190] scsi 2:0:0:0: Direct-Access     VBOX     HARDDISK         1.0  PQ: 0 ANSI: 5
[    4.180552] scsi target2:0:0: Beginning Domain Validation
[    4.189320] scsi target2:0:0: Domain Validation skipping write tests
[    4.209459] scsi target2:0:0: Ending Domain Validation
[    4.211068] scsi target2:0:0: asynchronous
[    4.215233] scsi 2:0:1:0: Direct-Access     VBOX     HARDDISK         1.0  PQ: 0 ANSI: 5
[    4.217337] scsi target2:0:1: Beginning Domain Validation
[    4.231184] scsi target2:0:1: Domain Validation skipping write tests
[    4.243804] scsi target2:0:1: Ending Domain Validation
[    4.247490] scsi target2:0:1: asynchronous
[    4.281096] sd 2:0:0:0: Attached scsi generic sg0 type 0
[    4.284332] sd 2:0:0:0: [sda] 20971520 512-byte logical blocks: (10.7 GB/10.0 GiB)
[    4.284726] sd 2:0:1:0: Attached scsi generic sg1 type 0
[    4.287784] sd 2:0:0:0: [sda] Write Protect is off
[    4.299567] sd 2:0:1:0: [sdb] 20480 512-byte logical blocks: (10.5 MB/10.0 MiB)
[    4.308462] sd 2:0:0:0: [sda] Incomplete mode parameter data
[    4.311509] sd 2:0:0:0: [sda] Assuming drive cache: write through
[    4.315295] sd 2:0:1:0: [sdb] Write Protect is off
[    4.320950] sd 2:0:1:0: [sdb] Incomplete mode parameter data
[    4.331011] sd 2:0:1:0: [sdb] Assuming drive cache: write through
[    4.336654]  sda: sda1
[    4.344713] sd 2:0:0:0: [sda] Attached SCSI disk
[    4.377916] sd 2:0:1:0: [sdb] Attached SCSI disk
[    4.544112] e1000 0000:00:03.0 eth0: (PCI:33MHz:32-bit) 02:4f:25:6a:cc:77
[    4.553208] e1000 0000:00:03.0 eth0: Intel(R) PRO/1000 Network Connection
[    4.903103] e1000 0000:00:08.0 eth1: (PCI:33MHz:32-bit) 08:00:27:0d:dc:9b
[    4.921238] e1000 0000:00:08.0 eth1: Intel(R) PRO/1000 Network Connection
[    4.923186] e1000 0000:00:03.0 enp0s3: renamed from eth0
[    4.968827] e1000 0000:00:08.0 enp0s8: renamed from eth1
Begin: Loading essential drivers ... [    6.287551] md: linear personality registered for level -1
[    6.291037] md: multipath personality registered for level -4
[    6.296885] md: raid0 personality registered for level 0
[    6.308617] md: raid1 personality registered for level 1
[    6.385073] raid6: sse2x1   gen()  9627 MB/s
[    6.482568] raid6: sse2x1   xor()  7929 MB/s
[    6.593056] raid6: sse2x2   gen() 12759 MB/s
[    6.660649] raid6: sse2x2   xor()  8482 MB/s
[    6.729947] raid6: sse2x4   gen() 16219 MB/s
[    6.827093] raid6: sse2x4   xor()  8964 MB/s
[    6.957601] raid6: avx2x1   gen() 20372 MB/s
[    7.026945] raid6: avx2x2   gen() 24915 MB/s
[    7.120095] raid6: avx2x4   gen() 28735 MB/s
[    7.160526] raid6: using algorithm avx2x4 gen() 28735 MB/s
[    7.161684] raid6: using avx2x2 recovery algorithm
[    7.167470] xor: automatically using best checksumming function:
[    7.208463]    avx       : 51242.000 MB/sec
[    7.210990] async_tx: api initialized (async)
[    7.222441] md: raid6 personality registered for level 6
[    7.223644] md: raid5 personality registered for level 5
[    7.224429] md: raid4 personality registered for level 4
[    7.231149] md: raid10 personality registered for level 10
done.
Begin: Running /scripts/init-premount ... done.
Begin: Mounting root file system ... Begin: Running /scripts/local-top ... done.
Begin: Running /scripts/local-premount ... [    7.266079] Btrfs loaded
Scanning for Btrfs filesystems
done.
Warning: fsck not present, so skipping root file system
[    7.323569] EXT4-fs (sda1): mounted filesystem with ordered data mode. Opts: (null)
done.
Begin: Running /scripts/local-bottom ... done.
Begin: Running /scripts/init-bottom ... done.
[    7.639392] systemd[1]: systemd 229 running in system mode. (+PAM +AUDIT +SELINUX +IMA +APPARMOR +SMACK +SYSVINIT +UTMP +LIBCRYPTSETUP +GCRYPT +GNUTLS +ACL +XZ -LZ4 +SECCOMP +BLKID +ELFUTILS +KMOD -IDN)
[    7.649061] systemd[1]: Detected virtualization oracle.
[    7.649888] systemd[1]: Detected architecture x86-64.

Welcome to [1mUbuntu 16.04.6 LTS[0m!

[    7.681304] systemd[1]: Set hostname to <ubuntu>.
[    7.705009] systemd[1]: Initializing machine ID from random generator.
[    7.712533] systemd[1]: Installed transient /etc/machine-id file.
[    7.987121] systemd[1]: Created slice System Slice.
[[0;32m  OK  [0m] Created slice System Slice.
[    7.992824] systemd[1]: Listening on LVM2 metadata daemon socket.
[[0;32m  OK  [0m] Listening on LVM2 metadata daemon socket.
[    8.006863] systemd[1]: Listening on udev Kernel Socket.
[[0;32m  OK  [0m] Listening on udev Kernel Socket.
[    8.032076] systemd[1]: Listening on Journal Socket (/dev/log).
[[0;32m  OK  [0m] Listening on Journal Socket (/dev/log).
[    8.035954] systemd[1]: Started Forward Password Requests to Wall Directory Watch.
[[0;32m  OK  [0m] Started Forward Password Requests to Wall Directory Watch.
[    8.041364] systemd[1]: Listening on LVM2 poll daemon socket.
[[0;32m  OK  [0m] Listening on LVM2 poll daemon socket.
[    8.052915] systemd[1]: Started Trigger resolvconf update for networkd DNS.
[[0;32m  OK  [0m] Started Trigger resolvconf update for networkd DNS.
[    8.068073] systemd[1]: Reached target Swap.
[[0;32m  OK  [0m] Reached target Swap.
[    8.070959] systemd[1]: Listening on Journal Audit Socket.
[[0;32m  OK  [0m] Listening on Journal Audit Socket.
[    8.074321] systemd[1]: Reached target Encrypted Volumes.
[[0;32m  OK  [0m] Reached target Encrypted Volumes.
[    8.077509] systemd[1]: Set up automount Arbitrary Executable File Formats File System Automount Point.
[[0;32m  OK  [0m] Set up automount Arbitrary Executab...ats File System Automount Point.
[    8.104548] systemd[1]: Created slice User and Session Slice.
[[0;32m  OK  [0m] Created slice User and Session Slice.
[    8.112584] systemd[1]: Reached target Slices.
[[0;32m  OK  [0m] Reached target Slices.
[    8.117196] systemd[1]: Listening on Syslog Socket.
[[0;32m  OK  [0m] Listening on Syslog Socket.
[    8.127643] systemd[1]: Listening on udev Control Socket.
[[0;32m  OK  [0m] Listening on udev Control Socket.
[    8.132965] systemd[1]: Reached target User and Group Name Lookups.
[[0;32m  OK  [0m] Reached target User and Group Name Lookups.
[    8.167454] systemd[1]: Created slice system-serial\x2dgetty.slice.
[[0;32m  OK  [0m] Created slice system-serial\x2dgetty.slice.
[    8.169703] systemd[1]: Listening on Journal Socket.
[[0;32m  OK  [0m] Listening on Journal Socket.
[    8.184642] systemd[1]: Starting Nameserver information manager...
         Starting Nameserver information manager...
[    8.200088] systemd[1]: Starting Journal Service...
         Starting Journal Service...
[    8.210406] systemd[1]: Starting Uncomplicated firewall...
         Starting Uncomplicated firewall...
[    8.227285] systemd[1]: Mounting Debug File System...
         Mounting Debug File System...
[    8.236489] systemd[1]: Mounting Huge Pages File System...
         Mounting Huge Pages File System...
[    8.262038] systemd[1]: Starting Remount Root and Kernel File Systems...
         [    8.273181] EXT4-fs (sda1): re-mounted. Opts: (null)
Starting Remount Root and Kernel File Systems...
[    8.336599] systemd[1]: Starting Set console keymap...
         Starting Set console keymap...
[    8.349559] systemd[1]: Mounting POSIX Message Queue File System...
         Mounting POSIX Message Queue File System...
[    8.365667] systemd[1]: Starting Load Kernel Modules...
         Starting Load Kernel Modules...
[    8.373993] systemd[1]: Listening on Device-mapper event daemon FIFOs.
[[0;32m  OK  [0[    8.389218] Loading iSCSI transport class v2.0-870.
m] Listening on Device-mapper event daemon FIFOs.
[    8.503410] random: nonblocking pool is initialized
[    8.516084] systemd[1]: Starting Monitoring of LVM2 mirrors, snapshots etc. using dmeventd or progress polling...
[    8.529800] iscsi: registered transport (tcp)
         Starting Monitoring of LVM2 mirrors... dmeventd or progress polling...
[    8.532616] systemd[1]: Listening on /dev/initctl Compatibility Named Pipe.
[[0;32m  OK  [0m] Listening on /dev/initctl Compatibility Named Pipe.
[    8.536132] systemd[1]: Starting Create list of required static device nodes for the current kernel...
         Starting Create list of required st... nodes for the current kernel...
[    8.548176] systemd[1]: Reached target System Time Synchronized.
[[0;32m  OK  [0m] Reached target System Time Synchronized.
[    8.598043] systemd[1]: Mounted Debug File System.
[[0;32m  OK  [0m] Mounted Debug Fi[    8.622546] iscsi: registered transport (iser)
le System.
[  81614systemd[1]: Mounted Huge Pages File System.

[[0;32m  OK  [0m] Mounted Huge Pages File System.
[    8.864843] systemd[1]: Mounted POSIX Message Queue File System.
[[0;32m  OK  [0m] Mounted POSIX Message Queue File System.
[    8.870971] systemd[1]: Started Journal Service.
[[0;32m  OK  [0m] Started Journal Service.
[[0;32m  OK  [0m] Started Uncomplicated firewall.
[[0;32m  OK  [0m] Started Remount Root and Kernel File Systems.
[[0;32m  OK  [0m] Started Set console keymap.
[[0;32m  OK  [0m] Started Load Kernel Modules.
[[0;32m  OK  [0m] Started Create list of required sta...ce nodes for the current kernel.
[[0;32m  OK  [0m] Started Nameserver information manager.
[[0;32m  OK  [0m] Started LVM2 metadata daemon.
         Starting Create Static Device Nodes in /dev...
         Starting Apply Kernel Variables...
         Mounting FUSE Control File System...
         Starting Load/Save Random Seed...
         Starting udev Coldplug all Devices...
         Starting Flush Journal to Persistent Storage...
[[0;32m  OK  [0m] Mounted FUSE Control File System.
[[0;32m  OK  [0m] Started Load/Save Random Seed.
[[0;32m  OK  [0m] Started Apply Kernel Variables.
[[0;32m  OK  [0m] Started Create Static Device Nodes in /dev.
         Starting udev Kernel Device Manager...
[[0;32m  OK  [0m] Started Flush Journal to Persistent Storage.
[[0;32m  OK  [0m] Started udev Coldplug all Devices.
[[0;32m  OK  [0m] Started udev Kernel Device Manager.
[[0;32m  OK  [0m] Started Dispatch Password Requests to Console Directory Watch.
[[0;32m  OK  [0m] Found device /dev/ttyS0.
[[0;32m  OK  [0m] Listening on Load/Save RF Kill Switch Status /dev/rfkill Watch.
[[0;32m  OK  [0m] Started Monitoring of LVM2 mirrors,...ng dmeventd or progress polling.
[[0;32m  OK  [0m] Reached target Local File Systems (Pre).
[[0;32m  OK  [0m] Reached target Local File Systems.
         Starting LSB: AppArmor initialization...
         Starting Create Volatile Files and Directories...
         Starting Tell Plymouth To Write Out Runtime Data...
         Starting Set console font and keymap...
         Starting Initial cloud-init job (pre-networking)...
         Starting Commit a transient machine-id on disk...
[[0;32m  OK  [0m] Started Create Volatile Files and Directories.
[[0;32m  OK  [0m] Started Tell Plymouth To Write Out Runtime Data.
         Starting Update UTMP about System Boot/Shutdown...
[[0;32m  OK  [0m] Started Commit a transient machine-id on disk.
[[0;32m  OK  [0m] Started Update UTMP about System Boot/Shutdown.
[[0;32m  OK  [0m] Started Set console font and keymap.
[[0;32m  OK  [0m] Created slice system-getty.slice.
[[0;32m  OK  [0m] Started LSB: AppArmor initialization.
[   10.587707] cloud-init[630]: Cloud-init v. 19.2-36-g059d049c-0ubuntu2~16.04.1 running 'init-local' at Thu, 12 Dec 2019 09:30:43 +0000. Up 10.25 seconds.
[[0;32m  OK  [0m] Started Initial cloud-init job (pre-networking).
[[0;32m  OK  [0m] Reached target Network (Pre).
         Starting Raise network interfaces...
[[0;32m  OK  [0m] Started Raise network interfaces.
         Starting Initial cloud-init job (metadata service crawler)...
[[0;32m  OK  [0m] Reached target Network.
[   12.221088] cloud-init[955]: Cloud-init v. 19.2-36-g059d049c-0ubuntu2~16.04.1 running 'init' at Thu, 12 Dec 2019 09:30:44 +0000. Up 11.31 seconds.
[   12.247371] cloud-init[955]: ci-info: ++++++++++++++++++++++++++++++++++++++Net device info+++++++++++++++++++++++++++++++++++++++
[   12.280719] cloud-init[955]: ci-info: +--------+-------+----------------------------+---------------+--------+-------------------+
[   12.308411] cloud-init[955]: ci-info: | Device |   Up  |          Address           |      Mask     | Scope  |     Hw-Address    |
[   12.308704] cloud-init[955]: ci-info: +--------+-------+----------------------------+---------------+--------+-------------------+
[   12.308850] cloud-init[955]: ci-info: | enp0s3 |  True |         10.0.2.15          | 255.255.255.0 | global | 02:4f:25:6a:cc:77 |
[   12.309025] cloud-init[955]: ci-info: | enp0s3 |  True | fe80::4f:25ff:fe6a:cc77/64 |       .       |  link  | 02:4f:25:6a:cc:77 |
[   12.309194] cloud-init[955]: ci-info: | enp0s8 | False |             .              |       .       |   .    | 08:00:27:0d:dc:9b |
[   12.309359] cloud-init[955]: ci-info: |   lo   |  True |         127.0.0.1          |   255.0.0.0   |  host  |         .         |
[   12.309529] cloud-init[955]: ci-info: |   lo   |  True |          ::1/128           |       .       |  host  |         .         |
[   12.309697] cloud-init[955]: ci-info: +--------+-------+----------------------------+---------------+--------+-------------------+
[   12.309875] cloud-init[955]: ci-info: +++++++++++++++++++++++++++Route IPv4 info++++++++++++++++++++++++++++
[   12.310042] cloud-init[955]: ci-info: +-------+-------------+----------+---------------+-----------+-------+
[   12.310213] cloud-init[955]: ci-info: | Route | Destination | Gateway  |    Genmask    | Interface | Flags |
[   12.310377] cloud-init[955]: ci-info: +-------+-------------+----------+---------------+-----------+-------+
[   12.310541] cloud-init[955]: ci-info: |   0   |   0.0.0.0   | 10.0.2.2 |    0.0.0.0    |   enp0s3  |   UG  |
[[0;32m  OK  [0m] Started Initial cloud-init job (metadata service crawler).
[   12.310704] cloud-init[955]: ci-info: |   1   |   10.0.2.0  | 0.0.0.0  | 255.255.255.0 |   enp0s3  |   U   |
[   12.554932] cloud-init[955]: ci-info: +-------+-------------+----------+---------------+-----------+-------+
[   12.555298] cloud-init[955]: ci-info: +++++++++++++++++++Route IPv6 info+++++++++++++++++++
[   12.555493] cloud-init[955]: ci-info: +-------+-------------+---------+-----------+-------+
[   12.555674] cloud-init[955]: ci-info: | Route | Destination | Gateway | Interface | Flags |
[   12.555857] cloud-init[955]: ci-info: +-------+-------------+---------+-----------+-------+
[   12.556088] cloud-init[955]: ci-info: |   0   |  fe80::/64  |    ::   |   enp0s3  |   U   |
[   12.556263] cloud-init[955]: ci-info: |   3   |   ff00::/8  |    ::   |   enp0s3  |   U   |
[   12.556424] cloud-init[955]: ci-info: +-------+-------------+---------+-----------+-------+
[   12.556589] cloud-init[955]: Generating public/private rsa key pair.
[   12.556761] cloud-init[955]: Your identification has been saved in /etc/ssh/ssh_host_rsa_key.
[   12.556931] cloud-init[955]: Your public key has been saved in /etc/ssh/ssh_host_rsa_key.pub.
[   12.557360] cloud-init[955]: The key fingerprint is:
[   12.557537] cloud-init[955]: SHA256:lJZpqtBlcQBbWNPMRjwJQYM0Ge4/FQ3ZWzf7gei0meY root@ubuntu-xenial
[   12.557719] cloud-init[955]: The key's randomart image is:
[   12.557903] cloud-init[955]: +---[RSA 2048]----+
[   12.558065] cloud-init[955]: |   .=O@X++       |
[   12.558226] cloud-init[955]: |   .++ =X*. . o  |
[[0;32m  OK  [0m] Reached target Cloud-config availability.
[[   12.558392] cloud-init[955]: |    o o.O..o...o |
[0;32m  OK  [0m] Reached target System Initialization.
[[   13.131596] cloud-init[955]: |   o o = ..o ... |
[0;32m  OK  [0m] Listening on D-Bus System Message Bus Socket.
[   13.161052] cloud-init[955]: |  . o . S o +  ..|
[   13.198389] cloud-init[955]: |   . o .   *    .|
[   13.224367] cloud-init[955]: |    . o   o      |
[   13.224955] cloud-init[955]: |       .   E     |
[   13.225253] cloud-init[955]: |                 |
[   13.225562] cloud-init[955]: +----[SHA256]-----+
[   13.225712] cloud-init[955]: Generating public/private dsa key pair.
[   13.225884] cloud-init[955]: Your identification has been saved in /etc/ssh/ssh_host_dsa_key.
[   13.226026] cloud-init[955]: Your public key has been saved in /etc/ssh/ssh_host_dsa_key.pub.
[   13.226184] cloud-init[955]: The key fingerprint is:
[   13.226342] cloud-init[955]: SHA256:Yk1s2Vvgioyywh3uI7+iVYKTj8PNRtbuh0uhldPiHLc root@ubuntu-xenial
[   13.226555] cloud-init[955]: The key's randomart image is:
[   13.226688] cloud-init[955]: +---[DSA 1024]----+
[   13.226845] cloud-init[955]: |          .      |
[   13.227003] cloud-init[955]: |       . + .     |
         Starting LXD - unix socket.
[   13.227141] cloud-init[955]: |        = o .    |
[   13.328366] cloud-init[955]: | o  .oo= . o     |
[[0;32m  OK  [0m] Started Daily apt download activities.
[   13.328922] cloud-init[955]: |+ o+oO=oS .      |
[   13.446667] cloud-init[955]: |o+B=B.*..        |
[   13.446937] cloud-init[955]: |+o+B =.E         |
[[0;32m  OK  [0m] Started ACPI Events Check.
[[   13.447065] cloud-init[955]: | *o.o. .         |
[0;32m  OK  [0m] Reached target Paths.
[[   13.502608] cloud-init[955]: |o ++ooo          |
[   13.600800] cloud-init[955]: +----[SHA256]-----+
[   13.601080] cloud-init[955]: Generating public/private ecdsa key pair.
[0;32m  OK  [0m] Listening on UUID daemon activation socket.
[[   13.601246] cloud-init[955]: Your identification has been saved in /etc/ssh/ssh_host_ecdsa_key.
[   13.628767] cloud-init[955]: Your public key has been saved in /etc/ssh/ssh_host_ecdsa_key.pub.
[   13.628906] cloud-init[955]: The key fingerprint is:
[   13.629086] cloud-init[955]: SHA256:QIE2+WtbrT4fdcRn2VdmMrqceUpZrjaZvpKZtx+vD5c root@ubuntu-xenial
[   13.629247] cloud-init[955]: The key's randomart image is:
[   13.629403] cloud-init[955]: +---[ECDSA 256]---+
[   13.629567] cloud-init[955]: |     oo.      o +|
[   13.629713] cloud-init[955]: |    =.       o =+|
[   13.629865] cloud-init[955]: |   . o.     . +.=|
[   13.630019] cloud-init[955]: |      ..   . O o.|
[   13.630183] cloud-init[955]: |       .S.  O +  |
[   13.630335] cloud-init[955]: |      o . .o B  .|
[0;32m  OK  [0m] Listening on ACPID Listen Socket.
[[   13.630533] cloud-init[955]: |     . o ..+B oE.|
[   13.765631] cloud-init[955]: |      . o =+.. = |
[   13.765908] cloud-init[955]: |       ..o.o++ooo|
[   13.766073] cloud-init[955]: +----[SHA256]-----+
[   13.766237] cloud-init[955]: Generating public/private ed25519 key pair.
[0;32m  OK  [0m] Started Daily apt upgrade and clean activities.
[   13.766413] cloud-init[955]: Your identification has been saved in /etc/ssh/ssh_host_ed25519_key.
[[0;32m  OK  [0m] Started Daily Cleanup of Temporary Directories.
[   13.815721] cloud-init[955]: Your public key has been saved in /etc/ssh/ssh_host_ed25519_key.pub.
[   13.996339] cloud-init[955]: The key fingerprint is:
[   13.996652] cloud-init[955]: SHA256:ZMljV+HWeydHXf/lQ4JErpnuURSCh7vzIyXgHHnmUVk root@ubuntu-xenial
         Starting Socket activation for snappy daemon.
[[0;32m  OK  [0m] Started Message of the Day.
[   13.996833] cloud-init[955]: The key's randomart image is:
[   14.099062] cloud-init[955]: +--[ED25519 256]--+
[   14.099384] cloud-init[955]: |        o.+Eo.  .|
[   14.099744] cloud-init[955]: |       + =+oo.  +|
[   14.100292] cloud-init[955]: |      . @ .+o...=|
[   14.100601] cloud-init[955]: |     + O o=.  o+o|
[   14.100777] cloud-init[955]: |    o * S+ .  o.*|
[   14.100947] cloud-init[955]: |     o =...    +o|
[   14.101120] cloud-init[955]: |        =o       |
[   14.101294] cloud-init[955]: |       ..o.      |
[   14.101467] cloud-init[955]: |        ...      |
[   14.101861] cloud-init[955]: +----[SHA256]-----+
[[0;32m  OK  [0m] Reached target Timers.
[[0;32m  OK  [0m] Reached target Network is Online.
         Starting iSCSI initiator daemon (iscsid)...
[[0;32m  OK  [0m] Listening on LXD - unix socket.
[[0;32m  OK  [0m] Listening on Socket activation for snappy daemon.
[[0;32m  OK  [0m] Reached target Sockets.
[[0;32m  OK  [0m] Reached target Basic System.
         Starting /etc/rc.local Compatibility...
         Starting LSB: Record successful boot for GRUB...
         Starting LSB: MD monitoring daemon...
         Starting Accounts Service...
[[0;32m  OK  [0m] Started FUSE filesystem for LXC.
[[0;32m  OK  [0m] Started Deferred execution scheduler.
[[0;32m  OK  [0m] Started D-Bus System Message Bus.
         Starting Login Service...
         Starting Virtualbox guest utils...
         Starting Pollinate to seed the pseudo random number generator...
[[0;32m  OK  [0m] Started Regular background program processing daemon.
[[0;32m  OK  [0m] Started ACPI event daemon.
         Starting Snappy daemon...
         Starting System Logging Service...
         Starting LXD - container startup/shutdown...
[[0;32m  OK  [0m] Started iSCSI initiator daemon (iscsid).
[[0;32m  OK  [0m] Started /etc/rc.local Compatibility.
[[0;32m  OK  [0m] Started Login Service.
[[0;32m  OK  [0m] Started Unattended Upgrades Shutdown.
         Starting Authenticate and Authorize Users to Run Privileged Tasks...
         Starting Login to default iSCSI targets...
[[0;32m  OK  [0m] Started LSB: Record successful boot for GRUB.
[[0;32m  OK  [0m] Started LSB: MD monitoring daemon.
[[0;32m  OK  [0m] Started System Logging Service.
[[0;32m  OK  [0m] Started Login to default iSCSI targets.
[[0;32m  OK  [0m] Reached target Remote File Systems (Pre).
[[0;32m  OK  [0m] Reached target Remote File Systems.
         Starting Permit User Sessions...
         Starting LSB: daemon to balance interrupts for SMP systems...
         Starting LSB: Set the CPU Frequency Scaling governor to "ondemand"...
         Starting LSB: automatic crash report generation...
[[0;32m  OK  [0m] Started Authenticate and Authorize Users to Run Privileged Tasks.
[[0;32m  OK  [0m] Started Accounts Service.
[[0;32m  OK  [0m] Started Permit User Sessions.
         Starting Hold until boot process finishes up...
         Starting Terminate Plymouth Boot Screen...
[[0;32m  OK  [0m] Started LSB: Set the CPU Frequency Scaling governor to "ondemand".
[[0;32m  OK  [0m] Started Hold until boot process finishes up.
[[0;32m  OK  [0m] Started Terminate Plymouth Boot Screen.
[[0;32m  OK  [0m] Started Virtualbox guest utils.
[[0;32m  OK  [0m] Started LSB: automatic crash report generation.
         Starting Set console scheme...
[[0;32m  OK  [0m] Started Serial Getty on ttyS0.
[[0;32m  OK  [0m] Started Getty on tty1.
[[0;32m  OK  [0m] Reached target Login Prompts.
[[0;32m  OK  [0m] Started LSB: daemon to balance interrupts for SMP systems.
[[0;32m  OK  [0m] Started Set console scheme.
[[0;32m  OK  [0m] Started LXD - container startup/shutdown.
[[0;32m  OK  [0m] Started Snappy daemon.
         Starting Wait until snapd is fully seeded...
[[0;32m  OK  [0m] Started Pollinate to seed the pseudo random number generator.
         Starting OpenBSD Secure Shell server...
[[0;32m  OK  [0m] Started OpenBSD Secure Shell server.
[[0;32m  OK  [0m] Created slice User Slice of vagrant.
         Starting User Manager for UID 1000...
[[0;32m  OK  [0m] Started Session 1 of user vagrant.
[[0;32m  OK  [0m] Started User Manager for UID 1000.
         Starting Hostname Service...
[[0;32m  OK  [0m] Started Hostname Service.

Ubuntu 16.04.6 LTS node-1 ttyS0

node-1 login: [   22.316187] cloud-init[1612]: Generating locales (this might take a while)...
[   23.220443] cloud-init[1612]:   en_US.UTF-8... done
[   23.221814] cloud-init[1612]: Generation complete.
[   23.949528] cloud-init[1612]: Cloud-init v. 19.2-36-g059d049c-0ubuntu2~16.04.1 running 'modules:config' at Thu, 12 Dec 2019 09:30:55 +0000. Up 22.16 seconds.
ci-info: no authorized ssh keys fingerprints found for user ubuntu.
<14>Dec 12 09:30:57 ec2: 
<14>Dec 12 09:30:57 ec2: #############################################################
<14>Dec 12 09:30:57 ec2: -----BEGIN SSH HOST KEY FINGERPRINTS-----
<14>Dec 12 09:30:57 ec2: 1024 SHA256:Yk1s2Vvgioyywh3uI7+iVYKTj8PNRtbuh0uhldPiHLc root@ubuntu-xenial (DSA)
<14>Dec 12 09:30:57 ec2: 256 SHA256:QIE2+WtbrT4fdcRn2VdmMrqceUpZrjaZvpKZtx+vD5c root@ubuntu-xenial (ECDSA)
<14>Dec 12 09:30:57 ec2: 256 SHA256:ZMljV+HWeydHXf/lQ4JErpnuURSCh7vzIyXgHHnmUVk root@ubuntu-xenial (ED25519)
<14>Dec 12 09:30:57 ec2: 2048 SHA256:lJZpqtBlcQBbWNPMRjwJQYM0Ge4/FQ3ZWzf7gei0meY root@ubuntu-xenial (RSA)
<14>Dec 12 09:30:57 ec2: -----END SSH HOST KEY FINGERPRINTS-----
<14>Dec 12 09:30:57 ec2: #############################################################
-----BEGIN SSH HOST KEY KEYS-----
ecdsa-sha2-nistp256 AAAAE2VjZHNhLXNoYTItbmlzdHAyNTYAAAAIbmlzdHAyNTYAAABBBO5PdOR34sIfTov0ZLWCw68m+fGLuN4nTtY3K9JysHHQv5idubpsmJzoet9XdtDuXMnAX+qlwgVs7i3NzA0me7I= root@ubuntu-xenial
ssh-ed25519 AAAAC3NzaC1lZDI1NTE5AAAAIJG6beLZ1RGwtdevbvGcJEgtpgOvbWvssASylTijT0Y/ root@ubuntu-xenial
ssh-rsa AAAAB3NzaC1yc2EAAAADAQABAAABAQDGgfNORc1hyCSUmo9PlHrLW2GHiNh2Tath+ExHy93y2ETZm5r8SFQRbCa874Ii5l+QDnr08he1DAjk5zdafInoWgCzJIC2nm3uxwOg32rs4AzHgd/WZk9Fvjb36c5HmiCnBJ+ZnUb3xgzZwWHhcBblfISwl9LLgI7H+xRY+Kb6sLiMSk0W69NgfkGez7Md8Y+Y2r6Csg6+VXWtgkXOEQF8D7NBR4VDFkF2W//7a7f8JYfNGwFmHgzjTuqNIWSFPbwu2AWs6PPziX/elC4896oHplyR+6mbaFNar4fX6LmRfGHEKcWknN63AjQdNUAcFJELnnAznzYrDsnliW9q5lkt root@ubuntu-xenial
-----END SSH HOST KEY KEYS-----
[   24.378875] cloud-init[1824]: Cloud-init v. 19.2-36-g059d049c-0ubuntu2~16.04.1 running 'modules:final' at Thu, 12 Dec 2019 09:30:57 +0000. Up 24.26 seconds.
[   24.379120] cloud-init[1824]: ci-info: no authorized ssh keys fingerprints found for user ubuntu.
[   24.379265] cloud-init[1824]: Cloud-init v. 19.2-36-g059d049c-0ubuntu2~16.04.1 finished at Thu, 12 Dec 2019 09:30:57 +0000. Datasource DataSourceNoCloud [seed=/dev/sdb][dsmode=net].  Up 24.36 seconds
[  101.050628] sd 2:0:0:0: [sda] tag#26 Medium access timeout failure. Offlining disk!
[  111.205573] blk_update_request: I/O error, dev sda, sector 2478080
[  111.212862] Buffer I/O error on device sda1, logical block 309504
[  111.231749] Buffer I/O error on device sda1, logical block 309505
[  111.271021] Buffer I/O error on device sda1, logical block 309506
[  111.272040] Buffer I/O error on device sda1, logical block 309507
[  111.273048] Buffer I/O error on device sda1, logical block 309508
[  111.274109] Buffer I/O error on device sda1, logical block 309509
[  111.275217] Buffer I/O error on device sda1, logical block 309510
[  111.301095] Buffer I/O error on device sda1, logical block 309511
[  111.301924] Buffer I/O error on device sda1, logical block 309512
[  111.320528] Buffer I/O error on device sda1, logical block 309513
[  111.321776] sd 2:0:0:0: rejecting I/O to offline device
[  111.322738] sd 2:0:0:0: rejecting I/O to offline device
[  111.322774] blk_update_request: I/O error, dev sda, sector 2588672
[  111.340731] sd 2:0:0:0: rejecting I/O to offline device
[  111.341365] sd 2:0:0:0: rejecting I/O to offline device
[  111.341998] sd 2:0:0:0: rejecting I/O to offline device
[  111.370547] sd 2:0:0:0: rejecting I/O to offline device
[  111.371444] sd 2:0:0:0: rejecting I/O to offline device
[  111.372324] sd 2:0:0:0: rejecting I/O to offline device
[  111.373507] sd 2:0:0:0: rejecting I/O to offline device
[  111.374717] sd 2:0:0:0: rejecting I/O to offline device
[  111.375848] sd 2:0:0:0: rejecting I/O to offline device
[  111.376981] sd 2:0:0:0: rejecting I/O to offline device
[  111.378141] sd 2:0:0:0: rejecting I/O to offline device
[  111.379338] sd 2:0:0:0: rejecting I/O to offline device
[  111.400108] sd 2:0:0:0: rejecting I/O to offline device
[  111.419901] sd 2:0:0:0: rejecting I/O to offline device
[  111.420980] sd 2:0:0:0: rejecting I/O to offline device
[  111.439842] sd 2:0:0:0: rejecting I/O to offline device
[  111.444647] sd 2:0:0:0: rejecting I/O to offline device
[  111.445998] sd 2:0:0:0: rejecting I/O to offline device
[  111.446903] sd 2:0:0:0: rejecting I/O to offline device
[  111.447757] sd 2:0:0:0: rejecting I/O to offline device
[  111.448861] sd 2:0:0:0: rejecting I/O to offline device
[  111.459589] sd 2:0:0:0: rejecting I/O to offline device
[  111.479393] sd 2:0:0:0: rejecting I/O to offline device
[  111.499041] sd 2:0:0:0: rejecting I/O to offline device
[  111.499857] sd 2:0:0:0: rejecting I/O to offline device
[  111.500733] blk_update_request: I/O error, dev sda, sector 2471936
[  111.501258] blk_update_request: I/O error, dev sda, sector 2578432
[  111.501358] blk_update_request: I/O error, dev sda, sector 2576384
[  111.501453] blk_update_request: I/O error, dev sda, sector 2574336
[  111.501550] blk_update_request: I/O error, dev sda, sector 2564096
[  111.501641] blk_update_request: I/O error, dev sda, sector 2562048
[  111.501710] blk_update_request: I/O error, dev sda, sector 2557952
[  111.501779] blk_update_request: I/O error, dev sda, sector 2490368
[  111.502444] sd 2:0:0:0: rejecting I/O to offline device
[  111.502446] sd 2:0:0:0: rejecting I/O to offline device
[  111.502495] sd 2:0:0:0: rejecting I/O to offline device
[  111.502543] sd 2:0:0:0: rejecting I/O to offline device
[  111.502592] sd 2:0:0:0: rejecting I/O to offline device
[  111.502610] sd 2:0:0:0: rejecting I/O to offline device
[  111.502657] sd 2:0:0:0: rejecting I/O to offline device
[  111.502704] sd 2:0:0:0: rejecting I/O to offline device
[  111.502758] sd 2:0:0:0: rejecting I/O to offline device
[  111.515339] sd 2:0:0:0: rejecting I/O to offline device
[  111.515348] EXT4-fs error (device sda1): ext4_find_entry:1456: inode #66849: comm apt-get: reading directory lblock 0
[  111.515355] sd 2:0:0:0: rejecting I/O to offline device
[  111.518970] sd 2:0:0:0: rejecting I/O to offline device
[  111.518977] EXT4-fs error (device sda1): ext4_find_entry:1456: inode #66849: comm apt-get: reading directory lblock 0
[  111.518979] EXT4-fs (sda1): previous I/O error to superblock detected
[  111.518982] sd 2:0:0:0: rejecting I/O to offline device
[  111.519044] sd 2:0:0:0: rejecting I/O to offline device
[  111.519046] EXT4-fs error (device sda1): ext4_find_entry:1456: inode #66849: comm apt-get: reading directory lblock 0
[  111.519046] EXT4-fs (sda1): previous I/O error to superblock detected
[  111.519048] sd 2:0:0:0: rejecting I/O to offline device
[  111.519383] sd 2:0:0:0: rejecting I/O to offline device
[  111.519385] EXT4-fs error (device sda1): ext4_find_entry:1456: inode #66849: comm apt-get: reading directory lblock 0
[  111.519386] EXT4-fs (sda1): previous I/O error to superblock detected
[  111.519388] sd 2:0:0:0: rejecting I/O to offline device
[  111.519404] sd 2:0:0:0: rejecting I/O to offline device
[  111.519492] sd 2:0:0:0: rejecting I/O to offline device
[  111.519495] EXT4-fs error (device sda1): ext4_find_entry:1456: inode #66849: comm apt-get: reading directory lblock 0
[  111.519495] EXT4-fs (sda1): previous I/O error to superblock detected
[  111.519497] sd 2:0:0:0: rejecting I/O to offline device
[  111.519513] sd 2:0:0:0: rejecting I/O to offline device
[  111.519527] sd 2:0:0:0: rejecting I/O to offline device
[  111.519528] EXT4-fs error (device sda1): ext4_find_entry:1456: inode #66849: comm apt-get: reading directory lblock 0
[  111.519529] EXT4-fs (sda1): previous I/O error to superblock detected
[  111.519530] sd 2:0:0:0: rejecting I/O to offline device
[  111.519535] sd 2:0:0:0: rejecting I/O to offline device
[  111.519543] sd 2:0:0:0: rejecting I/O to offline device
[  111.519545] EXT4-fs error (device sda1): ext4_find_entry:1456: inode #66849: comm apt-get: reading directory lblock 0
[  111.519545] EXT4-fs (sda1): previous I/O error to superblock detected
[  111.519547] sd 2:0:0:0: rejecting I/O to offline device
[  111.519551] sd 2:0:0:0: rejecting I/O to offline device
[  111.519558] sd 2:0:0:0: rejecting I/O to offline device
[  111.519560] EXT4-fs error (device sda1): ext4_find_entry:1456: inode #66849: comm apt-get: reading directory lblock 0
[  111.519560] EXT4-fs (sda1): previous I/O error to superblock detected
[  111.519562] sd 2:0:0:0: rejecting I/O to offline device
[  111.519566] sd 2:0:0:0: rejecting I/O to offline device
[  112.152544] Aborting journal on device sda1-8.
[  112.153334] sd 2:0:0:0: rejecting I/O to offline device
[  112.154329] JBD2: Error -5 detected when updating journal superblock for sda1-8.
[  112.156127] EXT4-fs (sda1): previous I/O error to superblock detected
[  112.193162] sd 2:0:0:0: rejecting I/O to offline device
[  112.194268] EXT4-fs error (device sda1): ext4_journal_check_start:56: Detected aborted journal
[  112.196038] EXT4-fs (sda1): Remounting filesystem read-only
[  112.202362] EXT4-fs (sda1): previous I/O error to superblock detected
[  112.212267] sd 2:0:0:0: rejecting I/O to offline device
[  119.199056] sd 2:0:0:0: rejecting I/O to offline device
[  119.210708] sd 2:0:0:0: rejecting I/O to offline device
[  120.819255] systemd-gpt-auto-generator[2128]: /dev/sda: failed to allocate prober: No such device or address
[  120.879688] sd 2:0:0:0: rejecting I/O to offline device
[  120.913002] sd 2:0:0:0: rejecting I/O to offline device
[  122.156555] sd 2:0:0:0: rejecting I/O to offline device
[  122.179851] sd 2:0:0:0: rejecting I/O to offline device
[  122.222179] systemd-gpt-auto-generator[2209]: /dev/sda: failed to allocate prober: No such device or address
